{
    "$schema": "http://localhost:5000/schemas/records/hep.json",
    "_collections": [
      "Literature"
    ],
    "_created": "2017-07-24T08:53:39.760378+00:00",
    "_updated": "2017-07-24T08:53:39.760384+00:00",
    "control_number": 1498175,
    "core": true,
    "document_type": [
      "proceedings"
    ],
    "earliest_date": "2016-11-15",
    "facet_inspire_doc_type": [
      "proceedings"
    ],
    "imprints": [
      {
        "date": "2016-11-15"
      }
    ],
    "inspire_categories": [
      {
        "source": "undefined",
        "term": "Computing"
      },
      {
        "source": "undefined",
        "term": "Experiment-HEP"
      },
      {
        "term": "Phenomenology-HEP"
      }
    ],
    "legacy_creation_date": "2016-11-16",
    "public_notes": [
      {
        "value": "Success"
      }
    ],
    "publication_info": [
      {
        "cnum": "C16-02-22.1",
        "journal_title": "EPJ Web Conf.",
        "journal_volume": "127",
        "year": 2016
      },
      {
        "cnum": "Success",
        "journal_title": "Success",
        "journal_volume": "Success",
        "year": 2017
      }
    ],
    "self": {
      "$ref": "http://localhost:5000/api/literature/1498175"
    },
    "self_recid": 1498175,
    "texkeys": [
      "Proceedings:2016iak",
      "Success"
    ],
    "titles": [
      {
        "subtitle": "Vienna, Austria, February 22-24, 2016",
        "title": "Proceedings, Connecting The Dots 2016"
      }
    ]
  }
